Microchip MPLAB XC8 Compiler V1.44 ()

Linker command line:

-W-3 --edf=D:\P\xc8\v1.44\dat\en_msgs.txt -cs \
  -h+dist/default/production\Dhrystone88.X.production.sym \
  --cmf=dist/default/production\Dhrystone88.X.production.cmf -z -Q16F88 \
  -oC:\Users\UserName\AppData\Local\Temp\sj1g.2 \
  -Mdist/default/production/Dhrystone88.X.production.map -E1 -ver=XC8 \
  -ASTACK=05Eh-06fh -pstack=STACK -ACODE=00h-07FFhx2 -ASTRCODE=00h-0FFFh \
  -ASTRING=00h-0FFhx16 -ACONST=00h-0FFhx16 -AENTRY=00h-0FFhx16 \
  -ACOMMON=070h-07Fh -ABANK0=020h-06Fh -ABANK1=0A0h-0EFh \
  -ABANK2=0110h-016Fh -ABANK3=0190h-01EFh \
  -ARAM=020h-06Fh,0A0h-0EFh,0110h-016Fh,0190h-01EFh \
  -AABS1=020h-07Fh,0A0h-0EFh,0110h-016Fh,0190h-01EFh -ASFR0=00h-01Fh \
  -ASFR1=080h-09Fh -ASFR2=0100h-010Fh -ASFR3=0180h-018Fh \
  -preset_vec=00h,intentry,init,end_init -ppowerup=CODE -pcinit=CODE \
  -pfunctab=ENTRY -ACONFIG=02007h-02008h -pconfig=CONFIG -DCONFIG=2 \
  -AIDLOC=02000h-02003h -pidloc=IDLOC -DIDLOC=2 -AEEDATA=00h-0FFh/02100h \
  -peeprom_data=EEDATA -DEEDATA=2 -DCODE=2 -DSTRCODE=2 -DSTRING=2 -DCONST=2 \
  -DENTRY=2 -k C:\Users\UserName\AppData\Local\Temp\sj1g.obj \
  dist/default/production\Dhrystone88.X.production.obj 

Object code version is 3.11

Machine type is 16F88



                Name                               Link     Load   Length Selector   Space Scale
C:\Users\UserName\AppData\Local\Temp\sj1g.obj
                end_init                              0        0        2        0       0
                config                             2007     2007        1     400E       0
dist/default/production\Dhrystone88.X.production.obj
                cinit                               7E6      7E6       1A      FCC       0
                text21                              E1A      E1A       17     1C34       0
                text20                              EAC      EAC       25     1D58       0
                text19                               9C       9C       78      138       0
                text18                              E31      E31       1B     1C62       0
                text17                              EFF      EFF       31     1DFE       0
                text16                              DF8      DF8       11     1BF0       0
                text15                               37       37       65       6E       0
                text14                              ED1      ED1       2E     1DA2       0
                text13                              1D2      1D2       FF      3A4       0
                text12                              F30      F30       3B     1E60       0
                text11                              E4C      E4C       1E     1C98       0
                text10                              DED      DED        B     1BDA       0
                text9                               E09      E09       11     1C12       0
                text8                               114      114       BE      228       0
                text7                               FA7      FA7       59     1F4E       0
                text6                               E6A      E6A       21     1CD4       0
                text5                               F6B      F6B       3C     1ED6       0
                text4                                 5        5       32        A       0
                text3                               DE4      DE4        9     1BC8       0
                text2                               2D1      2D1      111      5A2       0
                text1                               E8B      E8B       21     1D16       0
                maintext                            3E2      3E2      404      7C4       0
                cstackBANK0                          20       20       38       20       1
                cstackCOMMON                         70       70        E       70       1
                cstackBANK1                          A0       A0       4A       A0       1
                cstackBANK3                         1C2      1C2       25      190       1
                clrtext                             DDC      DDC        8     1BB8       0
                bssBANK2                            110      110       54      110       1
                bssBANK3                            190      190       32      190       1
                bssBANK1                             ED       ED        2       A0       1
                bssBANK0                             58       58        6       20       1
                nvBANK1                              EA       EA        3       A0       1
                stringtext                          800      800      128       10       0

TOTAL           Name                               Link     Load   Length     Space
        CLASS   STACK          

        CLASS   CODE           
                end_init                              0        0        2         0
                cinit                               7E6      7E6       1A         0
                text21                              E1A      E1A       17         0
                text20                              EAC      EAC       25         0
                text19                               9C       9C       78         0
                text18                              E31      E31       1B         0
                text17                              EFF      EFF       31         0
                text16                              DF8      DF8       11         0
                text15                               37       37       65         0
                text14                              ED1      ED1       2E         0
                text13                              1D2      1D2       FF         0
                text12                              F30      F30       3B         0
                text11                              E4C      E4C       1E         0
                text10                              DED      DED        B         0
                text9                               E09      E09       11         0
                text8                               114      114       BE         0
                text7                               FA7      FA7       59         0
                text6                               E6A      E6A       21         0
                text5                               F6B      F6B       3C         0
                text4                                 5        5       32         0
                text3                               DE4      DE4        9         0
                text2                               2D1      2D1      111         0
                text1                               E8B      E8B       21         0
                maintext                            3E2      3E2      404         0
                clrtext                             DDC      DDC        8         0

        CLASS   STRCODE        
                stringtext                          800      800      128         0

        CLASS   STRING         

        CLASS   CONST          

        CLASS   ENTRY          

        CLASS   COMMON         
                cstackCOMMON                         70       70        E         1

        CLASS   BANK0          
                cstackBANK0                          20       20       38         1
                bssBANK0                             58       58        6         1

        CLASS   BANK1          
                cstackBANK1                          A0       A0       4A         1
                bssBANK1                             ED       ED        2         1
                nvBANK1                              EA       EA        3         1

        CLASS   BANK2          
                bssBANK2                            110      110       54         1

        CLASS   BANK3          
                cstackBANK3                         1C2      1C2       25         1
                bssBANK3                            190      190       32         1

        CLASS   RAM            

        CLASS   ABS1           
                abs_s1                               7E       7E        2         1

        CLASS   SFR0           

        CLASS   SFR1           

        CLASS   SFR2           

        CLASS   SFR3           

        CLASS   CONFIG         
                config                             2007     2007        1         0

        CLASS   IDLOC          

        CLASS   EEDATA         



SEGMENTS        Name                           Load    Length   Top    Selector   Space  Class     Delta

                reset_vec                      000000  000002  000002         0       0  CODE        2
                text4                          000005  000032  000037         A       0  CODE        2
                cstackBANK0                    000020  00003E  00005E        20       1  BANK0       1
                text15                         000037  000065  00009C        6E       0  CODE        2
                cstackCOMMON                   000070  00000E  00007E        70       1  COMMON      1
                cstackBANK1                    0000A0  00004F  0000EF        A0       1  BANK1       1
                bssBANK2                       000110  000054  000164       110       1  BANK2       1
                text19                         00009C  000078  000114       138       0  CODE        2
                bssBANK3                       000190  000057  0001E7       190       1  BANK3       1
                text8                          000114  0000BE  0001D2       228       0  CODE        2
                text13                         0001D2  0000FF  0002D1       3A4       0  CODE        2
                text2                          0002D1  000111  0003E2       5A2       0  CODE        2
                maintext                       0003E2  000404  0007E6       7C4       0  CODE        2
                cinit                          0007E6  00001A  000800       FCC       0  CODE        2
                stringtext                     000800  000128  000928        10       0  STRCODE     2
                clrtext                        000DDC  000008  000DE4      1BB8       0  CODE        2
                text3                          000DE4  000009  000DED      1BC8       0  CODE        2
                text10                         000DED  00000B  000DF8      1BDA       0  CODE        2
                text16                         000DF8  000011  000E09      1BF0       0  CODE        2
                text9                          000E09  000011  000E1A      1C12       0  CODE        2
                text21                         000E1A  000017  000E31      1C34       0  CODE        2
                text18                         000E31  00001B  000E4C      1C62       0  CODE        2
                text11                         000E4C  00001E  000E6A      1C98       0  CODE        2
                text6                          000E6A  000021  000E8B      1CD4       0  CODE        2
                text1                          000E8B  000021  000EAC      1D16       0  CODE        2
                text20                         000EAC  000025  000ED1      1D58       0  CODE        2
                text14                         000ED1  00002E  000EFF      1DA2       0  CODE        2
                text17                         000EFF  000031  000F30      1DFE       0  CODE        2
                text12                         000F30  00003B  000F6B      1E60       0  CODE        2
                text5                          000F6B  00003C  000FA7      1ED6       0  CODE        2
                text7                          000FA7  000059  001000      1F4E       0  CODE        2
                config                         002007  000001  002008      400E       0  CONFIG      2


UNUSED ADDRESS RANGES

        Name                Unused          Largest block    Delta
        BANK0            005E-006F             12           1
        BANK1            00EF-00EF              1           1
        BANK2            0164-016F              C           1
        BANK3            01E7-01EF              9           1
        CODE             0002-0004              3           2
                         0928-0DDB            4B4
        CONFIG           2008-2008              1           2
        CONST            0002-0004              3           2
                         0928-0DDB            100
        EEDATA           2100-21FF            100           2
        ENTRY            0002-0004              3           2
                         0928-0DDB            100
        IDLOC            2000-2003              4           2
        RAM              005E-006F             12           1
                         00EF-00EF              1
                         0164-016F              C
                         01E7-01EF              9
        SFR0             0000-001F             20           1
        SFR1             0080-009F             20           1
        SFR2             0100-010F             10           1
        SFR3             0180-018F             10           1
        STACK            005E-006F             12           1
        STRCODE          0002-0004              3           2
                         0928-0DDB            4B4
        STRING           0002-0004              3           2
                         0928-0DDB            100

                                  Symbol Table

?_Func_2                 cstackCOMMON 0076
?_Func_3                 cstackCOMMON 0070
?___awdiv                cstackCOMMON 0070
?___lwdiv                cstackCOMMON 0070
?___lwmod                cstackCOMMON 0078
?___wmul                 cstackCOMMON 0070
?_printf                 cstackBANK0  0020
?_strcmp                 cstackCOMMON 0070
Func_1@Ch_1_Loc          cstackCOMMON 0074
Func_1@Ch_1_Par_Val      cstackCOMMON 0072
Func_1@Ch_2_Loc          cstackCOMMON 0073
Func_1@Ch_2_Par_Val      cstackCOMMON 0070
Func_2@Ch_Loc            cstackBANK0  0021
Func_2@Int_Loc           cstackBANK0  0022
Func_2@Str_1_Par_Ref     cstackBANK0  0020
Func_2@Str_2_Par_Ref     cstackCOMMON 0076
Func_3@Enum_Loc          cstackCOMMON 0074
Func_3@Enum_Par_Val      cstackCOMMON 0073
Proc_1@Next_Record       cstackBANK0  0028
Proc_1@Ptr_Val_Par       cstackBANK0  0020
Proc_2@Enum_Loc          cstackCOMMON 0074
Proc_2@Int_Loc           cstackCOMMON 0075
Proc_2@Int_Par_Ref       cstackCOMMON 0077
Proc_3@Ptr_Ref_Par       cstackCOMMON 007A
Proc_4@Bool_Loc          cstackCOMMON 0072
Proc_6@Enum_Ref_Par      cstackCOMMON 0075
Proc_6@Enum_Val_Par      cstackCOMMON 0078
Proc_7@Int_1_Par_Val     cstackCOMMON 0070
Proc_7@Int_2_Par_Val     cstackCOMMON 0072
Proc_7@Int_Loc           cstackCOMMON 0078
Proc_7@Int_Par_Ref       cstackCOMMON 0074
Proc_8@Arr_1_Par_Ref     cstackCOMMON 007B
Proc_8@Arr_2_Par_Ref     cstackCOMMON 0074
Proc_8@Int_1_Par_Val     cstackCOMMON 0075
Proc_8@Int_2_Par_Val     cstackCOMMON 0077
Proc_8@Int_Index         cstackCOMMON 0079
Proc_8@Int_Loc           cstackCOMMON 007C
_Arr_1_Glob              bssBANK3     0190
_Arr_2_Glob              bssBANK2     0110
_Bool_Glob               bssBANK0     005A
_Ch_1_Glob               bssBANK1     00EE
_Ch_2_Glob               bssBANK1     00ED
_Func_1                  text21       0E1A
_Func_2                  text19       009C
_Func_3                  text16       0DF8
_Int_Glob                bssBANK0     005C
_Next_Ptr_Glob           nvBANK1      00EA
_Proc_1                  text13       01D2
_Proc_2                  text12       0F30
_Proc_3                  text17       0EFF
_Proc_4                  text11       0E4C
_Proc_5                  text10       0DED
_Proc_6                  text15       0037
_Proc_7                  text18       0E31
_Proc_8                  text8        0114
_Ptr_Glob                nvBANK1      00EB
__CFG_WDTE$OFF           (abs)        0000
__Habs1                  abs1         0000
__Hbank0                 bank0        0000
__Hbank1                 bank1        0000
__Hbank2                 bank2        0000
__Hbank3                 bank3        0000
__HbssBANK0              bssBANK0     0000
__HbssBANK1              bssBANK1     0000
__HbssBANK2              bssBANK2     0000
__HbssBANK3              bssBANK3     0000
__Hcinit                 cinit        0800
__Hclrtext               clrtext      0000
__Hcode                  code         0000
__Hcommon                common       0000
__Hconfig                config       2008
__HcstackBANK0           cstackBANK0  0000
__HcstackBANK1           cstackBANK1  0000
__HcstackBANK3           cstackBANK3  0000
__HcstackCOMMON          cstackCOMMON 0000
__Heeprom_data           eeprom_data  0000
__Hend_init              end_init     0002
__Hfunctab               functab      0000
__Hidloc                 idloc        0000
__Hinit                  init         0000
__Hintentry              intentry     0000
__Hmaintext              maintext     0000
__HnvBANK1               nvBANK1      0000
__Hpowerup               powerup      0000
__Hram                   ram          0000
__Hreset_vec             reset_vec    0000
__Hsfr0                  sfr0         0000
__Hsfr1                  sfr1         0000
__Hsfr2                  sfr2         0000
__Hsfr3                  sfr3         0000
__Hspace_0               (abs)        2008
__Hspace_1               (abs)        01E7
__Hspace_2               (abs)        0000
__Hspace_3               (abs)        0000
__Hstack                 stack        0000
__Hstrings               strings      0000
__Hstringtext            stringtext   0000
__Htext                  text         0000
__Labs1                  abs1         0000
__Lbank0                 bank0        0000
__Lbank1                 bank1        0000
__Lbank2                 bank2        0000
__Lbank3                 bank3        0000
__LbssBANK0              bssBANK0     0000
__LbssBANK1              bssBANK1     0000
__LbssBANK2              bssBANK2     0000
__LbssBANK3              bssBANK3     0000
__Lcinit                 cinit        07E6
__Lclrtext               clrtext      0000
__Lcode                  code         0000
__Lcommon                common       0000
__Lconfig                config       2007
__LcstackBANK0           cstackBANK0  0000
__LcstackBANK1           cstackBANK1  0000
__LcstackBANK3           cstackBANK3  0000
__LcstackCOMMON          cstackCOMMON 0000
__Leeprom_data           eeprom_data  0000
__Lend_init              end_init     0000
__Lfunctab               functab      0000
__Lidloc                 idloc        0000
__Linit                  init         0000
__Lintentry              intentry     0000
__Lmaintext              maintext     0000
__LnvBANK1               nvBANK1      0000
__Lpowerup               powerup      0000
__Lram                   ram          0000
__Lreset_vec             reset_vec    0000
__Lsfr0                  sfr0         0000
__Lsfr1                  sfr1         0000
__Lsfr2                  sfr2         0000
__Lsfr3                  sfr3         0000
__Lspace_0               (abs)        0000
__Lspace_1               (abs)        0000
__Lspace_2               (abs)        0000
__Lspace_3               (abs)        0000
__Lstack                 stack        0000
__Lstrings               strings      0000
__Lstringtext            stringtext   0000
__Ltext                  text         0000
__S0                     (abs)        2008
__S1                     (abs)        01E7
__S2                     (abs)        0000
__S3                     (abs)        0000
___awdiv                 text7        0FA7
___awdiv@counter         cstackCOMMON 0075
___awdiv@dividend        cstackCOMMON 0072
___awdiv@divisor         cstackCOMMON 0070
___awdiv@quotient        cstackCOMMON 0077
___awdiv@sign            cstackCOMMON 0076
___bmul                  text9        0E09
___bmul@multiplicand     cstackCOMMON 0070
___bmul@multiplier       cstackCOMMON 0073
___bmul@product          cstackCOMMON 0072
___int_sp                stack        0000
___latbits               (abs)        0001
___lwdiv                 text5        0F6B
___lwdiv@counter         cstackCOMMON 0075
___lwdiv@dividend        cstackCOMMON 0072
___lwdiv@divisor         cstackCOMMON 0070
___lwdiv@quotient        cstackCOMMON 0076
___lwmod                 text4        0005
___lwmod@counter         cstackCOMMON 007D
___lwmod@dividend        cstackCOMMON 007A
___lwmod@divisor         cstackCOMMON 0078
___sp                    stack        0000
___wmul                  text6        0E6A
___wmul@multiplicand     cstackCOMMON 0072
___wmul@multiplier       cstackCOMMON 0070
___wmul@product          cstackCOMMON 0074
__end_of_Func_1          text21       0E31
__end_of_Func_2          text19       0114
__end_of_Func_3          text16       0E09
__end_of_Proc_1          text13       02D1
__end_of_Proc_2          text12       0F6B
__end_of_Proc_3          text17       0F30
__end_of_Proc_4          text11       0E6A
__end_of_Proc_5          text10       0DF8
__end_of_Proc_6          text15       009C
__end_of_Proc_7          text18       0E4C
__end_of_Proc_8          text8        01D2
__end_of___awdiv         text7        1000
__end_of___bmul          text9        0E1A
__end_of___lwdiv         text5        0FA7
__end_of___lwmod         text4        0037
__end_of___wmul          text6        0E8B
__end_of__initialization cinit        07FD
__end_of__stringtab      stringtext   0812
__end_of_dpowers         stringtext   081C
__end_of_main            maintext     07E6
__end_of_memcpy          text14       0EFF
__end_of_printf          text2        03E2
__end_of_putch           text3        0DED
__end_of_strcmp          text20       0ED1
__end_of_strcpy          text1        0EAC
__initialization         cinit        07E6
__pbssBANK0              bssBANK0     0058
__pbssBANK1              bssBANK1     00ED
__pbssBANK2              bssBANK2     0110
__pbssBANK3              bssBANK3     0190
__pcstackBANK0           cstackBANK0  0020
__pcstackBANK1           cstackBANK1  00A0
__pcstackBANK3           cstackBANK3  01C2
__pcstackCOMMON          cstackCOMMON 0070
__pmaintext              maintext     03E2
__pnvBANK1               nvBANK1      00EA
__pstringtext            stringtext   0800
__ptext1                 text1        0E8B
__ptext10                text10       0DED
__ptext11                text11       0E4C
__ptext12                text12       0F30
__ptext13                text13       01D2
__ptext14                text14       0ED1
__ptext15                text15       0037
__ptext16                text16       0DF8
__ptext17                text17       0EFF
__ptext18                text18       0E31
__ptext19                text19       009C
__ptext2                 text2        02D1
__ptext20                text20       0EAC
__ptext21                text21       0E1A
__ptext3                 text3        0DE4
__ptext4                 text4        0005
__ptext5                 text5        0F6B
__ptext6                 text6        0E6A
__ptext7                 text7        0FA7
__ptext8                 text8        0114
__ptext9                 text9        0E09
__size_of_Func_1         (abs)        0000
__size_of_Func_2         (abs)        0000
__size_of_Func_3         (abs)        0000
__size_of_Proc_1         (abs)        0000
__size_of_Proc_2         (abs)        0000
__size_of_Proc_3         (abs)        0000
__size_of_Proc_4         (abs)        0000
__size_of_Proc_5         (abs)        0000
__size_of_Proc_6         (abs)        0000
__size_of_Proc_7         (abs)        0000
__size_of_Proc_8         (abs)        0000
__size_of___awdiv        (abs)        0000
__size_of___bmul         (abs)        0000
__size_of___lwdiv        (abs)        0000
__size_of___lwmod        (abs)        0000
__size_of___wmul         (abs)        0000
__size_of_main           (abs)        0000
__size_of_memcpy         (abs)        0000
__size_of_printf         (abs)        0000
__size_of_putch          (abs)        0000
__size_of_strcmp         (abs)        0000
__size_of_strcpy         (abs)        0000
__stringbase             stringtext   0812
__stringtab              stringtext   0800
_dpowers                 stringtext   0812
_main                    maintext     03E2
_memcpy                  text14       0ED1
_printf                  text2        02D1
_putch                   text3        0DE4
_strcmp                  text20       0EAC
_strcpy                  text1        0E8B
btemp                    (abs)        007E
clear_ram0               clrtext      0DDC
end_of_initialization    cinit        07FD
intlevel0                functab      0000
intlevel1                functab      0000
intlevel2                functab      0000
intlevel3                functab      0000
intlevel4                functab      0000
intlevel5                functab      0000
main@Ch_Index            cstackBANK0  0054
main@Enum_Loc            cstackBANK0  0057
main@Int_1_Loc           cstackBANK1  00E8
main@Int_2_Loc           cstackBANK1  00E6
main@Int_3_Loc           cstackBANK1  00BF
main@Number_Of_Runs      cstackBANK0  0052
main@Run_Index           cstackBANK0  0055
main@Str_1_Loc           cstackBANK0  0033
main@Str_2_Loc           cstackBANK1  00A0
main@temp1               cstackBANK3  01C2
main@temp2               cstackBANK1  00C1
memcpy@d                 cstackCOMMON 0078
memcpy@d1                cstackCOMMON 0070
memcpy@n                 cstackCOMMON 0074
memcpy@s                 cstackCOMMON 007A
memcpy@s1                cstackCOMMON 0072
memcpy@tmp               cstackCOMMON 0077
printf@ap                cstackBANK0  002B
printf@c                 cstackBANK0  002E
printf@cp                cstackBANK0  0029
printf@f                 cstackBANK0  0020
printf@flag              cstackBANK0  0027
printf@prec              cstackBANK0  0028
printf@val               cstackBANK0  002C
putch@PORTB              cstackCOMMON 0073
putch@c                  cstackCOMMON 0072
reset_vec                reset_vec    0000
stackhi                  (abs)        0000
stacklo                  (abs)        0000
start                    init         0000
start_initialization     cinit        07E6
strcmp@r                 cstackCOMMON 0074
strcmp@s1                cstackCOMMON 0075
strcmp@s2                cstackCOMMON 0070
strcpy@cp                cstackCOMMON 0075
strcpy@from              cstackCOMMON 0072
strcpy@to                cstackCOMMON 0070
wtemp0                   (abs)        007E


FUNCTION INFORMATION:

 *************** function _main *****************
 Defined at:
		line 90 in file "dhry_1.c"
 Parameters:    Size  Location     Type
		None
 Auto vars:     Size  Location     Type
  temp1          37    0[BANK3 ] struct record
  temp2          37   33[BANK1 ] struct record
  Str_2_Loc      31    0[BANK1 ] unsigned char [31]
  Str_1_Loc      31   19[BANK0 ] unsigned char [31]
  Int_1_Loc       2   72[BANK1 ] int 
  Int_2_Loc       2   70[BANK1 ] int 
  Int_3_Loc       2   31[BANK1 ] int 
  Run_Index       2   53[BANK0 ] int 
  Number_Of_Ru    2   50[BANK0 ] int 
  Enum_Loc        1   55[BANK0 ] enum E207
  Ch_Index        1   52[BANK0 ] unsigned char 
 Return value:  Size  Location     Type
                  2  103[None  ] int 
 Registers used:
		wreg, fsr0l, fsr0h, status,2, status,0, btemp+1, pclath, cstack
 Tracked objects:
		On entry : 
		On exit  : 
		Unchanged: 
 Data sizes:     COMMON   BANK0   BANK1   BANK3   BANK2
      Params:         0       0       0       0       0
      Locals:         0      37      74      37       0
      Temps:          0       4       0       0       0
      Totals:         0      41      74      37       0
Total ram usage:      152 bytes
 Hardware stack levels required when called:    3
 This function calls:
		_Func_1
		_Func_2
		_Proc_1
		_Proc_2
		_Proc_4
		_Proc_5
		_Proc_6
		_Proc_7
		_Proc_8
		___awdiv
		___wmul
		_printf
		_strcpy
 This function is called by:
		Startup code after reset
 This function uses a non-reentrant model


 *************** function _strcpy *****************
 Defined at:
		line 8 in file "D:\P\xc8\v1.44\sources\common\strcpy.c"
 Parameters:    Size  Location     Type
  to              2    0[COMMON] PTR unsigned char 
		 -> main@Int_1_Loc.variant(34), main@Int_2_Loc.variant(34), temp1.variant(34), temp2.variant(34), 
		 -> NULL(0), main@Str_2_Loc(31), main@Str_1_Loc(31), Ptr_Glob(2), 
  from            2    2[COMMON] PTR const unsigned char 
		 -> STR_5(31), STR_4(31), STR_2(31), STR_1(31), 
 Auto vars:     Size  Location     Type
  cp              2    5[COMMON] PTR unsigned char 
		 -> main@Int_1_Loc.variant(34), main@Int_2_Loc.variant(34), temp1.variant(34), temp2.variant(34), 
		 -> NULL(0), main@Str_2_Loc(31), main@Str_1_Loc(31), Ptr_Glob(2), 
 Return value:  Size  Location     Type
                  2    0[COMMON] PTR unsigned char 
 Registers used:
		wreg, fsr0l, fsr0h, status,2, status,0, btemp+1, pclath
 Tracked objects:
		On entry : 
		On exit  : 
		Unchanged: 
 Data sizes:     COMMON   BANK0   BANK1   BANK3   BANK2
      Params:         4       0       0       0       0
      Locals:         2       0       0       0       0
      Temps:          1       0       0       0       0
      Totals:         7       0       0       0       0
Total ram usage:        7 bytes
 Hardware stack levels used:    2
 This function calls:
		Nothing
 This function is called by:
		_main
 This function uses a non-reentrant model


 *************** function _printf *****************
 Defined at:
		line 464 in file "D:\P\xc8\v1.44\sources\common\doprnt.c"
 Parameters:    Size  Location     Type
  f               2    0[BANK0 ] PTR const unsigned char 
		 -> STR_29(2), STR_28(6), STR_27(6), STR_26(6), 
		 -> STR_25(6), STR_24(6), STR_23(6), STR_22(6), 
		 -> STR_21(6), STR_20(6), STR_19(6), STR_18(6), 
		 -> STR_17(6), STR_16(6), STR_15(6), STR_14(6), 
		 -> STR_13(6), STR_12(6), STR_11(6), STR_10(6), 
		 -> STR_9(6), STR_8(6), STR_7(6), STR_6(3), 
		 -> STR_3(2), 
 Auto vars:     Size  Location     Type
  tmpval          4    0        struct .
  val             2   12[BANK0 ] unsigned int 
  cp              2    9[BANK0 ] PTR const unsigned char 
		 -> temp2.variant.Str_Comp(31), temp1.variant.Str_Comp(31), main@Int_2_Loc.variant.Str_Comp(31), main@Int_1_Loc.variant.Str_Comp(31), 
		 -> STR_30(7), NULL(0), main@Str_2_Loc(31), main@Int_2_Loc(2), 
		 -> main@Int_1_Loc(2), main@Str_1_Loc(31), Ptr_Glob.variant(34), main@temp2(37), 
		 -> Next_Ptr_Glob.variant(34), main@temp1(37), 
  len             2    0        unsigned int 
  c               1   14[BANK0 ] char 
  ap              1   11[BANK0 ] PTR void [1]
		 -> ?_printf(2), 
  prec            1    8[BANK0 ] char 
  flag            1    7[BANK0 ] unsigned char 
 Return value:  Size  Location     Type
                  2    0[BANK0 ] int 
 Registers used:
		wreg, fsr0l, fsr0h, status,2, status,0, btemp+1, pclath, cstack
 Tracked objects:
		On entry : 
		On exit  : 
		Unchanged: 
 Data sizes:     COMMON   BANK0   BANK1   BANK3   BANK2
      Params:         0       4       0       0       0
      Locals:         0       8       0       0       0
      Temps:          0       3       0       0       0
      Totals:         0      15       0       0       0
Total ram usage:       15 bytes
 Hardware stack levels used:    1
 Hardware stack levels required when called:    1
 This function calls:
		___lwdiv
		___lwmod
		_putch
 This function is called by:
		_main
 This function uses a non-reentrant model


 *************** function _putch *****************
 Defined at:
		line 85 in file "dhry_1.c"
 Parameters:    Size  Location     Type
  c               1    wreg     unsigned char 
 Auto vars:     Size  Location     Type
  c               1    2[COMMON] unsigned char 
  PORTB           2    3[COMMON] volatile int 
 Return value:  Size  Location     Type
                  1    wreg      void 
 Registers used:
		wreg
 Tracked objects:
		On entry : 
		On exit  : 
		Unchanged: 
 Data sizes:     COMMON   BANK0   BANK1   BANK3   BANK2
      Params:         0       0       0       0       0
      Locals:         3       0       0       0       0
      Temps:          2       0       0       0       0
      Totals:         5       0       0       0       0
Total ram usage:        5 bytes
 Hardware stack levels used:    1
 This function calls:
		Nothing
 This function is called by:
		_printf
 This function uses a non-reentrant model


 *************** function ___lwmod *****************
 Defined at:
		line 6 in file "D:\P\xc8\v1.44\sources\common\lwmod.c"
 Parameters:    Size  Location     Type
  divisor         2    8[COMMON] unsigned int 
  dividend        2   10[COMMON] unsigned int 
 Auto vars:     Size  Location     Type
  counter         1   13[COMMON] unsigned char 
 Return value:  Size  Location     Type
                  2    8[COMMON] unsigned int 
 Registers used:
		wreg, status,2, status,0
 Tracked objects:
		On entry : 
		On exit  : 
		Unchanged: 
 Data sizes:     COMMON   BANK0   BANK1   BANK3   BANK2
      Params:         4       0       0       0       0
      Locals:         1       0       0       0       0
      Temps:          1       0       0       0       0
      Totals:         6       0       0       0       0
Total ram usage:        6 bytes
 Hardware stack levels used:    1
 This function calls:
		Nothing
 This function is called by:
		_printf
 This function uses a non-reentrant model


 *************** function ___lwdiv *****************
 Defined at:
		line 6 in file "D:\P\xc8\v1.44\sources\common\lwdiv.c"
 Parameters:    Size  Location     Type
  divisor         2    0[COMMON] unsigned int 
  dividend        2    2[COMMON] unsigned int 
 Auto vars:     Size  Location     Type
  quotient        2    6[COMMON] unsigned int 
  counter         1    5[COMMON] unsigned char 
 Return value:  Size  Location     Type
                  2    0[COMMON] unsigned int 
 Registers used:
		wreg, status,2, status,0
 Tracked objects:
		On entry : 
		On exit  : 
		Unchanged: 
 Data sizes:     COMMON   BANK0   BANK1   BANK3   BANK2
      Params:         4       0       0       0       0
      Locals:         3       0       0       0       0
      Temps:          1       0       0       0       0
      Totals:         8       0       0       0       0
Total ram usage:        8 bytes
 Hardware stack levels used:    1
 This function calls:
		Nothing
 This function is called by:
		_printf
 This function uses a non-reentrant model


 *************** function ___wmul *****************
 Defined at:
		line 15 in file "D:\P\xc8\v1.44\sources\common\Umul16.c"
 Parameters:    Size  Location     Type
  multiplier      2    0[COMMON] unsigned int 
  multiplicand    2    2[COMMON] unsigned int 
 Auto vars:     Size  Location     Type
  product         2    4[COMMON] unsigned int 
 Return value:  Size  Location     Type
                  2    0[COMMON] unsigned int 
 Registers used:
		wreg, status,2, status,0
 Tracked objects:
		On entry : 
		On exit  : 
		Unchanged: 
 Data sizes:     COMMON   BANK0   BANK1   BANK3   BANK2
      Params:         4       0       0       0       0
      Locals:         2       0       0       0       0
      Temps:          0       0       0       0       0
      Totals:         6       0       0       0       0
Total ram usage:        6 bytes
 Hardware stack levels used:    1
 This function calls:
		Nothing
 This function is called by:
		_main
 This function uses a non-reentrant model


 *************** function ___awdiv *****************
 Defined at:
		line 6 in file "D:\P\xc8\v1.44\sources\common\awdiv.c"
 Parameters:    Size  Location     Type
  divisor         2    0[COMMON] int 
  dividend        2    2[COMMON] int 
 Auto vars:     Size  Location     Type
  quotient        2    7[COMMON] int 
  sign            1    6[COMMON] unsigned char 
  counter         1    5[COMMON] unsigned char 
 Return value:  Size  Location     Type
                  2    0[COMMON] int 
 Registers used:
		wreg, status,2, status,0
 Tracked objects:
		On entry : 
		On exit  : 
		Unchanged: 
 Data sizes:     COMMON   BANK0   BANK1   BANK3   BANK2
      Params:         4       0       0       0       0
      Locals:         4       0       0       0       0
      Temps:          1       0       0       0       0
      Totals:         9       0       0       0       0
Total ram usage:        9 bytes
 Hardware stack levels used:    1
 This function calls:
		Nothing
 This function is called by:
		_main
 This function uses a non-reentrant model


 *************** function _Proc_8 *****************
 Defined at:
		line 89 in file "dhry_2.c"
 Parameters:    Size  Location     Type
  Arr_1_Par_Re    1    wreg     PTR int 
		 -> Arr_1_Glob(50), 
  Arr_2_Par_Re    1    4[COMMON] PTR int [50]
		 -> Arr_2_Glob(84), 
  Int_1_Par_Va    2    5[COMMON] int 
  Int_2_Par_Va    2    7[COMMON] int 
 Auto vars:     Size  Location     Type
  Arr_1_Par_Re    1   11[COMMON] PTR int 
		 -> Arr_1_Glob(50), 
  Int_Loc         2   12[COMMON] int 
  Int_Index       2    9[COMMON] int 
 Return value:  Size  Location     Type
                  2    4[COMMON] int 
 Registers used:
		wreg, fsr0l, fsr0h, status,2, status,0, pclath, cstack
 Tracked objects:
		On entry : 
		On exit  : 
		Unchanged: 
 Data sizes:     COMMON   BANK0   BANK1   BANK3   BANK2
      Params:         5       0       0       0       0
      Locals:         5       0       0       0       0
      Temps:          0       8       0       0       0
      Totals:        10       8       0       0       0
Total ram usage:       18 bytes
 Hardware stack levels used:    1
 Hardware stack levels required when called:    1
 This function calls:
		___bmul
 This function is called by:
		_main
 This function uses a non-reentrant model


 *************** function ___bmul *****************
 Defined at:
		line 4 in file "D:\P\xc8\v1.44\sources\common\Umul8.c"
 Parameters:    Size  Location     Type
  multiplier      1    wreg     unsigned char 
  multiplicand    1    0[COMMON] unsigned char 
 Auto vars:     Size  Location     Type
  multiplier      1    3[COMMON] unsigned char 
  product         1    2[COMMON] unsigned char 
 Return value:  Size  Location     Type
                  1    wreg      unsigned char 
 Registers used:
		wreg, status,2, status,0
 Tracked objects:
		On entry : 
		On exit  : 
		Unchanged: 
 Data sizes:     COMMON   BANK0   BANK1   BANK3   BANK2
      Params:         1       0       0       0       0
      Locals:         2       0       0       0       0
      Temps:          1       0       0       0       0
      Totals:         4       0       0       0       0
Total ram usage:        4 bytes
 Hardware stack levels used:    1
 This function calls:
		Nothing
 This function is called by:
		_Proc_8
 This function uses a non-reentrant model


 *************** function _Proc_5 *****************
 Defined at:
		line 436 in file "dhry_1.c"
 Parameters:    Size  Location     Type
		None
 Auto vars:     Size  Location     Type
		None
 Return value:  Size  Location     Type
                  2   58[None  ] int 
 Registers used:
		wreg, status,2
 Tracked objects:
		On entry : 
		On exit  : 
		Unchanged: 
 Data sizes:     COMMON   BANK0   BANK1   BANK3   BANK2
      Params:         0       0       0       0       0
      Locals:         0       0       0       0       0
      Temps:          1       0       0       0       0
      Totals:         1       0       0       0       0
Total ram usage:        1 bytes
 Hardware stack levels used:    1
 This function calls:
		Nothing
 This function is called by:
		_main
 This function uses a non-reentrant model


 *************** function _Proc_4 *****************
 Defined at:
		line 424 in file "dhry_1.c"
 Parameters:    Size  Location     Type
		None
 Auto vars:     Size  Location     Type
  Bool_Loc        2    2[COMMON] int 
 Return value:  Size  Location     Type
                  2   60[None  ] int 
 Registers used:
		wreg, status,2, status,0
 Tracked objects:
		On entry : 
		On exit  : 
		Unchanged: 
 Data sizes:     COMMON   BANK0   BANK1   BANK3   BANK2
      Params:         0       0       0       0       0
      Locals:         2       0       0       0       0
      Temps:          2       0       0       0       0
      Totals:         4       0       0       0       0
Total ram usage:        4 bytes
 Hardware stack levels used:    1
 This function calls:
		Nothing
 This function is called by:
		_main
 This function uses a non-reentrant model


 *************** function _Proc_2 *****************
 Defined at:
		line 386 in file "dhry_1.c"
 Parameters:    Size  Location     Type
  Int_Par_Ref     1    wreg     PTR int 
		 -> main@Int_1_Loc(2), 
 Auto vars:     Size  Location     Type
  Int_Par_Ref     1    7[COMMON] PTR int 
		 -> main@Int_1_Loc(2), 
  Int_Loc         2    5[COMMON] int 
  Enum_Loc        1    4[COMMON] enum E207
 Return value:  Size  Location     Type
                  2   74[None  ] int 
 Registers used:
		wreg, fsr0l, fsr0h, status,2, status,0
 Tracked objects:
		On entry : 
		On exit  : 
		Unchanged: 
 Data sizes:     COMMON   BANK0   BANK1   BANK3   BANK2
      Params:         0       0       0       0       0
      Locals:         4       0       0       0       0
      Temps:          4       0       0       0       0
      Totals:         8       0       0       0       0
Total ram usage:        8 bytes
 Hardware stack levels used:    1
 This function calls:
		Nothing
 This function is called by:
		_main
 This function uses a non-reentrant model


 *************** function _Proc_1 *****************
 Defined at:
		line 352 in file "dhry_1.c"
 Parameters:    Size  Location     Type
  Ptr_Val_Par     2    0[BANK0 ] PTR struct record
		 -> NULL(0), main@Int_2_Loc(2), main@Int_1_Loc(2), main@temp2(37), 
		 -> main@temp1(37), 
 Auto vars:     Size  Location     Type
  Next_Record     2    8[BANK0 ] PTR struct record
		 -> NULL(0), main@Int_2_Loc(2), main@Int_1_Loc(2), main@temp2(37), 
		 -> main@temp1(37), 
 Return value:  Size  Location     Type
                  2    0[BANK0 ] int 
 Registers used:
		wreg, fsr0l, fsr0h, status,2, status,0, btemp+1, pclath, cstack
 Tracked objects:
		On entry : 
		On exit  : 
		Unchanged: 
 Data sizes:     COMMON   BANK0   BANK1   BANK3   BANK2
      Params:         0       2       0       0       0
      Locals:         0       2       0       0       0
      Temps:          0       6       0       0       0
      Totals:         0      10       0       0       0
Total ram usage:       10 bytes
 Hardware stack levels used:    1
 Hardware stack levels required when called:    2
 This function calls:
		_Proc_3
		_Proc_6
		_Proc_7
		_memcpy
 This function is called by:
		_main
 This function uses a non-reentrant model


 *************** function _memcpy *****************
 Defined at:
		line 27 in file "D:\P\xc8\v1.44\sources\common\memcpy.c"
 Parameters:    Size  Location     Type
  d1              2    0[COMMON] PTR void 
		 -> NULL(0), main@Int_2_Loc(2), main@Int_1_Loc(2), main@temp2(37), 
		 -> main@temp1(37), 
  s1              2    2[COMMON] PTR const void 
		 -> NULL(0), main@Int_2_Loc(2), main@Int_1_Loc(2), main@temp2(37), 
		 -> main@temp1(37), 
  n               2    4[COMMON] unsigned int 
 Auto vars:     Size  Location     Type
  s               2   10[COMMON] PTR const unsigned char 
		 -> NULL(0), main@Int_2_Loc(2), main@Int_1_Loc(2), main@temp2(37), 
		 -> main@temp1(37), 
  d               2    8[COMMON] PTR unsigned char 
		 -> NULL(0), main@Int_2_Loc(2), main@Int_1_Loc(2), main@temp2(37), 
		 -> main@temp1(37), 
  tmp             1    7[COMMON] unsigned char 
 Return value:  Size  Location     Type
                  2    0[COMMON] PTR void 
 Registers used:
		wreg, fsr0l, fsr0h, status,2, status,0
 Tracked objects:
		On entry : 
		On exit  : 
		Unchanged: 
 Data sizes:     COMMON   BANK0   BANK1   BANK3   BANK2
      Params:         6       0       0       0       0
      Locals:         5       0       0       0       0
      Temps:          1       0       0       0       0
      Totals:        12       0       0       0       0
Total ram usage:       12 bytes
 Hardware stack levels used:    1
 This function calls:
		Nothing
 This function is called by:
		_Proc_1
 This function uses a non-reentrant model


 *************** function _Proc_6 *****************
 Defined at:
		line 35 in file "dhry_2.c"
 Parameters:    Size  Location     Type
  Enum_Val_Par    1    wreg     enum E207
  Enum_Ref_Par    2    5[COMMON] PTR enum E207
		 -> main@Int_1_Loc.variant(34), main@Int_2_Loc.variant(34), temp1.variant(34), temp2.variant(34), 
		 -> NULL(0), main@Enum_Loc(1), main@Int_2_Loc(2), main@Int_1_Loc(2), 
		 -> main@temp2(37), main@temp1(37), 
 Auto vars:     Size  Location     Type
  Enum_Val_Par    1    8[COMMON] enum E207
 Return value:  Size  Location     Type
                  2    5[COMMON] int 
 Registers used:
		wreg, fsr0l, fsr0h, status,2, status,0, btemp+1, pclath, cstack
 Tracked objects:
		On entry : 
		On exit  : 
		Unchanged: 
 Data sizes:     COMMON   BANK0   BANK1   BANK3   BANK2
      Params:         2       0       0       0       0
      Locals:         1       0       0       0       0
      Temps:          1       0       0       0       0
      Totals:         4       0       0       0       0
Total ram usage:        4 bytes
 Hardware stack levels used:    1
 Hardware stack levels required when called:    1
 This function calls:
		_Func_3
 This function is called by:
		_main
		_Proc_1
 This function uses a non-reentrant model


 *************** function _Func_3 *****************
 Defined at:
		line 183 in file "dhry_2.c"
 Parameters:    Size  Location     Type
  Enum_Par_Val    1    wreg     enum E207
 Auto vars:     Size  Location     Type
  Enum_Par_Val    1    3[COMMON] enum E207
  Enum_Loc        1    4[COMMON] enum E207
 Return value:  Size  Location     Type
                  2    0[COMMON] int 
 Registers used:
		wreg, status,2, status,0
 Tracked objects:
		On entry : 
		On exit  : 
		Unchanged: 
 Data sizes:     COMMON   BANK0   BANK1   BANK3   BANK2
      Params:         2       0       0       0       0
      Locals:         2       0       0       0       0
      Temps:          1       0       0       0       0
      Totals:         5       0       0       0       0
Total ram usage:        5 bytes
 Hardware stack levels used:    1
 This function calls:
		Nothing
 This function is called by:
		_Proc_6
 This function uses a non-reentrant model


 *************** function _Proc_3 *****************
 Defined at:
		line 409 in file "dhry_1.c"
 Parameters:    Size  Location     Type
  Ptr_Ref_Par     2   10[COMMON] PTR PTR struct record
		 -> NULL(0), main@Int_2_Loc(2), main@Int_1_Loc(2), main@temp2(37), 
		 -> main@temp1(37), 
 Auto vars:     Size  Location     Type
		None
 Return value:  Size  Location     Type
                  2   10[COMMON] int 
 Registers used:
		wreg, fsr0l, fsr0h, status,2, status,0, pclath, cstack
 Tracked objects:
		On entry : 
		On exit  : 
		Unchanged: 
 Data sizes:     COMMON   BANK0   BANK1   BANK3   BANK2
      Params:         2       0       0       0       0
      Locals:         0       0       0       0       0
      Temps:          2       0       0       0       0
      Totals:         4       0       0       0       0
Total ram usage:        4 bytes
 Hardware stack levels used:    1
 Hardware stack levels required when called:    1
 This function calls:
		_Proc_7
 This function is called by:
		_Proc_1
 This function uses a non-reentrant model


 *************** function _Proc_7 *****************
 Defined at:
		line 69 in file "dhry_2.c"
 Parameters:    Size  Location     Type
  Int_1_Par_Va    2    0[COMMON] int 
  Int_2_Par_Va    2    2[COMMON] int 
  Int_Par_Ref     2    4[COMMON] PTR int 
		 -> main@Int_1_Loc.variant(34), main@Int_2_Loc.variant(34), temp1.variant(34), temp2.variant(34), 
		 -> NULL(0), main@Int_3_Loc(2), main@Int_2_Loc(2), main@Int_1_Loc(2), 
		 -> main@temp2(37), Ptr_Glob(2), main@temp1(37), 
 Auto vars:     Size  Location     Type
  Int_Loc         2    8[COMMON] int 
 Return value:  Size  Location     Type
                  2    0[COMMON] int 
 Registers used:
		wreg, fsr0l, fsr0h, status,2, status,0
 Tracked objects:
		On entry : 
		On exit  : 
		Unchanged: 
 Data sizes:     COMMON   BANK0   BANK1   BANK3   BANK2
      Params:         6       0       0       0       0
      Locals:         2       0       0       0       0
      Temps:          2       0       0       0       0
      Totals:        10       0       0       0       0
Total ram usage:       10 bytes
 Hardware stack levels used:    1
 This function calls:
		Nothing
 This function is called by:
		_main
		_Proc_1
		_Proc_3
 This function uses a non-reentrant model


 *************** function _Func_2 *****************
 Defined at:
		line 141 in file "dhry_2.c"
 Parameters:    Size  Location     Type
  Str_1_Par_Re    1    wreg     PTR unsigned char 
		 -> main@Str_1_Loc(31), 
  Str_2_Par_Re    1    6[COMMON] PTR unsigned char 
		 -> main@Str_2_Loc(31), 
 Auto vars:     Size  Location     Type
  Str_1_Par_Re    1    0[BANK0 ] PTR unsigned char 
		 -> main@Str_1_Loc(31), 
  Int_Loc         2    2[BANK0 ] int 
  Ch_Loc          1    1[BANK0 ] unsigned char 
 Return value:  Size  Location     Type
                  2    6[COMMON] int 
 Registers used:
		wreg, fsr0l, fsr0h, status,2, status,0, btemp+1, pclath, cstack
 Tracked objects:
		On entry : 
		On exit  : 
		Unchanged: 
 Data sizes:     COMMON   BANK0   BANK1   BANK3   BANK2
      Params:         2       0       0       0       0
      Locals:         0       4       0       0       0
      Temps:          3       0       0       0       0
      Totals:         5       4       0       0       0
Total ram usage:        9 bytes
 Hardware stack levels used:    1
 Hardware stack levels required when called:    1
 This function calls:
		_Func_1
		_strcmp
 This function is called by:
		_main
 This function uses a non-reentrant model


 *************** function _strcmp *****************
 Defined at:
		line 33 in file "D:\P\xc8\v1.44\sources\common\strcmp.c"
 Parameters:    Size  Location     Type
  s1              1    wreg     PTR const unsigned char 
		 -> main@Str_1_Loc(31), 
  s2              1    0[COMMON] PTR const unsigned char 
		 -> main@Str_2_Loc(31), 
 Auto vars:     Size  Location     Type
  s1              1    5[COMMON] PTR const unsigned char 
		 -> main@Str_1_Loc(31), 
  r               1    4[COMMON] char 
 Return value:  Size  Location     Type
                  2    0[COMMON] int 
 Registers used:
		wreg, fsr0l, fsr0h, status,2, status,0
 Tracked objects:
		On entry : 
		On exit  : 
		Unchanged: 
 Data sizes:     COMMON   BANK0   BANK1   BANK3   BANK2
      Params:         2       0       0       0       0
      Locals:         2       0       0       0       0
      Temps:          2       0       0       0       0
      Totals:         6       0       0       0       0
Total ram usage:        6 bytes
 Hardware stack levels used:    1
 This function calls:
		Nothing
 This function is called by:
		_Func_2
 This function uses a non-reentrant model


 *************** function _Func_1 *****************
 Defined at:
		line 115 in file "dhry_2.c"
 Parameters:    Size  Location     Type
  Ch_1_Par_Val    1    wreg     unsigned char 
  Ch_2_Par_Val    1    0[COMMON] unsigned char 
 Auto vars:     Size  Location     Type
  Ch_1_Par_Val    1    2[COMMON] unsigned char 
  Ch_1_Loc        1    4[COMMON] unsigned char 
  Ch_2_Loc        1    3[COMMON] unsigned char 
 Return value:  Size  Location     Type
                  1    wreg      enum E207
 Registers used:
		wreg
 Tracked objects:
		On entry : 
		On exit  : 
		Unchanged: 
 Data sizes:     COMMON   BANK0   BANK1   BANK3   BANK2
      Params:         1       0       0       0       0
      Locals:         3       0       0       0       0
      Temps:          1       0       0       0       0
      Totals:         5       0       0       0       0
Total ram usage:        5 bytes
 Hardware stack levels used:    1
 This function calls:
		Nothing
 This function is called by:
		_Func_2
		_main
 This function uses a non-reentrant model



MODULE INFORMATION

Module		Function		Class		Link	Load	Size
D:\P\xc8\v1.44\sources\common\strcmp.c
		_strcmp        		CODE           	0EAC	0000	38

D:\P\xc8\v1.44\sources\common\strcmp.c estimated size: 38

D:\P\xc8\v1.44\sources\common\strcpy.c
		_strcpy        		CODE           	0E8B	0000	34

D:\P\xc8\v1.44\sources\common\strcpy.c estimated size: 34

D:\P\xc8\v1.44\sources\common\doprnt.c
		_printf        		CODE           	02D1	0000	274

D:\P\xc8\v1.44\sources\common\doprnt.c estimated size: 274

D:\P\xc8\v1.44\sources\common\lwmod.c
		___lwmod       		CODE           	0005	0000	51

D:\P\xc8\v1.44\sources\common\lwmod.c estimated size: 51

dhry_1.c
		_putch         		CODE           	0DE4	0000	10
		_Proc_2        		CODE           	0F30	0000	60
		_Proc_5        		CODE           	0DED	0000	12
		_main          		CODE           	03E2	0000	1029
		_Proc_3        		CODE           	0EFF	0000	50
		_Proc_1        		CODE           	01D2	0000	256
		_Proc_4        		CODE           	0E4C	0000	31

dhry_1.c estimated size: 1448

D:\P\xc8\v1.44\sources\common\memcpy.c
		_memcpy        		CODE           	0ED1	0000	47

D:\P\xc8\v1.44\sources\common\memcpy.c estimated size: 47

D:\P\xc8\v1.44\sources\common\Umul16.c
		___wmul        		CODE           	0E6A	0000	34

D:\P\xc8\v1.44\sources\common\Umul16.c estimated size: 34

shared
		__stringtab    		STRCODE        	0800	0000	19
		_dpowers       		STRCODE        	0812	0000	11
		__initialization		CODE           	07E6	0000	24

shared estimated size: 54

D:\P\xc8\v1.44\sources\common\lwdiv.c
		___lwdiv       		CODE           	0F6B	0000	61

D:\P\xc8\v1.44\sources\common\lwdiv.c estimated size: 61

D:\P\xc8\v1.44\sources\common\awdiv.c
		___awdiv       		CODE           	0FA7	0000	90

D:\P\xc8\v1.44\sources\common\awdiv.c estimated size: 90

D:\P\xc8\v1.44\sources\common\Umul8.c
		___bmul        		CODE           	0E09	0000	18

D:\P\xc8\v1.44\sources\common\Umul8.c estimated size: 18

dhry_2.c
		_Func_2        		CODE           	009C	0000	121
		_Proc_8        		CODE           	0114	0000	191
		_Func_3        		CODE           	0DF8	0000	18
		_Proc_6        		CODE           	0037	0000	102
		_Func_1        		CODE           	0E1A	0000	24
		_Proc_7        		CODE           	0E31	0000	28

dhry_2.c estimated size: 484

